<html>
<body>
<pre>
<h1>µVision Build Log</h1>
<h2>Tool Versions:</h2>
IDE-Version: ¦ÌVision V5.38.0.0
Copyright (C) 2022 ARM Ltd and ARM Germany GmbH. All rights reserved.
License Information: 1 caipei, 2, LIC=9WSKC-7DNZR-563Q2-97RUJ-JKCD5-4XBTI
 
Tool Versions:
Toolchain:       MDK-ARM Plus  Version: 5.38.0.0
Toolchain Path:  C:\Keil_v538\ARM\ARMCC\Bin
C Compiler:      Armcc.exe V5.06 update 7 (build 960)
Assembler:       Armasm.exe V5.06 update 7 (build 960)
Linker/Locator:  ArmLink.exe V5.06 update 7 (build 960)
Library Manager: ArmAr.exe V5.06 update 7 (build 960)
Hex Converter:   FromElf.exe V5.06 update 7 (build 960)
CPU DLL:         SARMCM3.DLL V5.38.0.0
Dialog DLL:      DARMCM1.DLL V1.19.6.0
Target DLL:      Segger\JL2CM3.dll V2.99.42.0
Dialog DLL:      TARMCM1.DLL V1.14.6.0
 
<h2>Project:</h2>
C:\Users\caipei\Desktop\VSCode\STM32G070RBT6Demo2\MDK-ARM\STM32G070RBT6.uvprojx
Project File Date:  03/17/2026

<h2>Output:</h2>
*** Using Compiler 'V5.06 update 7 (build 960)', folder: 'C:\Keil_v538\ARM\ARMCC\Bin'
Rebuild target 'STM32G070RBT6'
assembling startup_stm32g070xx.s...
compiling stm32g0xx_ll_rcc.c...
compiling stm32g0xx_hal_flash.c...
compiling stm32g0xx_hal_flash_ex.c...
compiling stm32g0xx_hal_dma_ex.c...
compiling stm32g0xx_hal_gpio.c...
compiling stm32g0xx_hal_cortex.c...
compiling stm32g0xx_hal_rcc.c...
compiling stm32g0xx_hal_pwr_ex.c...
compiling stm32g0xx_hal_pwr.c...
compiling stm32g0xx_hal_exti.c...
compiling stm32g0xx_it.c...
compiling main.c...
compiling stm32g0xx_hal_rcc_ex.c...
compiling stm32g0xx_hal_dma.c...
compiling stm32g0xx_hal.c...
compiling stm32g0xx_hal_msp.c...
compiling system_stm32g0xx.c...
linking...
Program Size: Code=3184 RO-data=280 RW-data=16 ZI-data=1632  
FromELF: creating hex file...
"STM32G070RBT6\STM32G070RBT6.axf" - 0 Error(s), 0 Warning(s).

<h2>Software Packages used:</h2>

Package Vendor: ARM
                http://www.keil.com/pack/ARM.CMSIS.5.9.0.pack
                ARM.CMSIS.5.9.0
                CMSIS (Common Microcontroller Software Interface Standard)
   * Component: CORE Version: 5.6.0

Package Vendor: Keil
                http://www.keil.com/pack/Keil.STM32G0xx_DFP.1.3.0.pack
                Keil.STM32G0xx_DFP.1.3.0
                STMicroelectronics STM32G0 Series Device Support

<h2>Collection of Component include folders:</h2>
  ./RTE/_STM32G070RBT6
  C:/Keil_v538/ARM/PACK/ARM/CMSIS/5.9.0/CMSIS/Core/Include
  C:/Keil_v538/ARM/PACK/Keil/STM32G0xx_DFP/1.3.0/Drivers/CMSIS/Device/ST/STM32G0xx/Include

<h2>Collection of Component Files used:</h2>

   * Component: ARM::CMSIS:CORE:5.6.0
      Include file:  CMSIS/Core/Include/tz_context.h
Build Time Elapsed:  00:00:03
</pre>
</body>
</html>
